Aug 24 13:46:10 hippo-XPS-15-9570 kernel: nintendo 0005:057E:2009.0003: delta=60 avg_delta=11
Aug 24 13:46:10 hippo-XPS-15-9570 kernel: nintendo 0005:057E:2009.0003: compensating for 4 dropped IMU reports
Aug 24 13:46:10 hippo-XPS-15-9570 kernel: nintendo 0005:057E:2009.0003: delta=61 avg_delta=11
Aug 24 13:46:11 hippo-XPS-15-9570 kernel: nintendo 0005:057E:2009.0003: compensating for 4 dropped IMU reports
Aug 24 13:46:11 hippo-XPS-15-9570 kernel: nintendo 0005:057E:2009.0003: delta=60 avg_delta=11
Aug 24 13:46:12 hippo-XPS-15-9570 kernel: nintendo 0005:057E:2009.0003: compensating for 4 dropped IMU reports
Aug 24 13:46:12 hippo-XPS-15-9570 kernel: nintendo 0005:057E:2009.0003: delta=60 avg_delta=11
Aug 24 13:46:12 hippo-XPS-15-9570 kernel: hid-generic 0005:057E:2009.0003: unknown main item tag 0x0
Aug 24 13:46:12 hippo-XPS-15-9570 kernel: input: Pro Controller as /devices/virtual/misc/uhid/0005:057E:2009.0003/input/input39
Aug 24 13:46:12 hippo-XPS-15-9570 kernel: hid-generic 0005:057E:2009.0003: input,hidraw2: BLUETOOTH HID v80.01 Gamepad [Pro Controller] on 50:28:4a:0d:54:7a
Aug 24 13:49:35 hippo-XPS-15-9570 kernel: hid-generic 0005:057E:2009.0004: unknown main item tag 0x0
Aug 24 13:49:35 hippo-XPS-15-9570 kernel: input: Pro Controller as /devices/virtual/misc/uhid/0005:057E:2009.0004/input/input40
Aug 24 13:49:35 hippo-XPS-15-9570 kernel: hid-generic 0005:057E:2009.0004: input,hidraw2: BLUETOOTH HID v0.01 Gamepad [Pro Controller] on 50:28:4a:0d:54:7a
Aug 24 13:49:35 hippo-XPS-15-9570 kernel: nintendo 0005:057E:2009.0004: unknown main item tag 0x0
Aug 24 13:49:35 hippo-XPS-15-9570 kernel: nintendo 0005:057E:2009.0004: hidraw2: BLUETOOTH HID v80.01 Gamepad [Pro Controller] on 50:28:4a:0d:54:7a
Aug 24 13:49:35 hippo-XPS-15-9570 kernel: nintendo 0005:057E:2009.0004: controller MAC = 20:0B:CF:34:F1:BD
Aug 24 13:49:35 hippo-XPS-15-9570 kernel: nintendo 0005:057E:2009.0004: using factory cal for left stick
Aug 24 13:49:35 hippo-XPS-15-9570 kernel: nintendo 0005:057E:2009.0004: using factory cal for right stick
Aug 24 13:49:35 hippo-XPS-15-9570 kernel: nintendo 0005:057E:2009.0004: using factory cal for IMU
Aug 24 13:49:35 hippo-XPS-15-9570 kernel: input: Pro Controller as /devices/virtual/misc/uhid/0005:057E:2009.0004/input/input41
Aug 24 13:49:35 hippo-XPS-15-9570 kernel: input: Pro Controller (IMU) as /devices/virtual/misc/uhid/0005:057E:2009.0004/input/input42
Aug 24 13:49:40 hippo-XPS-15-9570 kernel: nintendo 0005:057E:2009.0004: compensating for 6 dropped IMU reports
Aug 24 13:49:40 hippo-XPS-15-9570 kernel: nintendo 0005:057E:2009.0004: delta=103 avg_delta=13
Aug 24 13:50:01 hippo-XPS-15-9570 kernel: nintendo 0005:057E:2009.0004: compensating for 4 dropped IMU reports
Aug 24 13:50:01 hippo-XPS-15-9570 kernel: nintendo 0005:057E:2009.0004: delta=64 avg_delta=11
Aug 24 13:50:01 hippo-XPS-15-9570 kernel: nintendo 0005:057E:2009.0004: compensating for 4 dropped IMU reports
Aug 24 13:50:01 hippo-XPS-15-9570 kernel: nintendo 0005:057E:2009.0004: delta=60 avg_delta=11
Aug 24 13:50:01 hippo-XPS-15-9570 kernel: nintendo 0005:057E:2009.0004: compensating for 4 dropped IMU reports
Aug 24 13:50:01 hippo-XPS-15-9570 kernel: nintendo 0005:057E:2009.0004: delta=60 avg_delta=11
Aug 24 13:50:01 hippo-XPS-15-9570 kernel: nintendo 0005:057E:2009.0004: compensating for 4 dropped IMU reports
Aug 24 13:50:01 hippo-XPS-15-9570 kernel: nintendo 0005:057E:2009.0004: delta=61 avg_delta=11
Aug 24 13:50:01 hippo-XPS-15-9570 kernel: nintendo 0005:057E:2009.0004: compensating for 4 dropped IMU reports
Aug 24 13:50:01 hippo-XPS-15-9570 kernel: nintendo 0005:057E:2009.0004: delta=61 avg_delta=11
Aug 24 13:50:02 hippo-XPS-15-9570 kernel: nintendo 0005:057E:2009.0004: compensating for 4 dropped IMU reports
Aug 24 13:50:02 hippo-XPS-15-9570 kernel: nintendo 0005:057E:2009.0004: delta=61 avg_delta=11
Aug 24 13:50:02 hippo-XPS-15-9570 kernel: nintendo 0005:057E:2009.0004: compensating for 4 dropped IMU reports
Aug 24 13:50:02 hippo-XPS-15-9570 kernel: nintendo 0005:057E:2009.0004: delta=67 avg_delta=11
Aug 24 13:50:02 hippo-XPS-15-9570 kernel: nintendo 0005:057E:2009.0004: compensating for 4 dropped IMU reports
Aug 24 13:50:02 hippo-XPS-15-9570 kernel: nintendo 0005:057E:2009.0004: delta=60 avg_delta=11
Aug 24 13:50:47 hippo-XPS-15-9570 kernel: nintendo 0005:057E:2009.0004: compensating for 4 dropped IMU reports
Aug 24 13:50:47 hippo-XPS-15-9570 kernel: nintendo 0005:057E:2009.0004: delta=61 avg_delta=11
Aug 24 13:50:47 hippo-XPS-15-9570 kernel: nintendo 0005:057E:2009.0004: compensating for 4 dropped IMU reports
Aug 24 13:50:47 hippo-XPS-15-9570 kernel: nintendo 0005:057E:2009.0004: delta=60 avg_delta=11
Aug 24 13:50:47 hippo-XPS-15-9570 kernel: nintendo 0005:057E:2009.0004: compensating for 4 dropped IMU reports
Aug 24 13:50:47 hippo-XPS-15-9570 kernel: nintendo 0005:057E:2009.0004: delta=60 avg_delta=11
Aug 24 13:50:48 hippo-XPS-15-9570 kernel: nintendo 0005:057E:2009.0004: compensating for 4 dropped IMU reports
Aug 24 13:50:48 hippo-XPS-15-9570 kernel: nintendo 0005:057E:2009.0004: delta=61 avg_delta=11
Aug 24 13:50:48 hippo-XPS-15-9570 kernel: nintendo 0005:057E:2009.0004: compensating for 4 dropped IMU reports
Aug 24 13:50:48 hippo-XPS-15-9570 kernel: nintendo 0005:057E:2009.0004: delta=62 avg_delta=11
Aug 24 13:50:48 hippo-XPS-15-9570 kernel: nintendo 0005:057E:2009.0004: compensating for 4 dropped IMU reports
Aug 24 13:50:48 hippo-XPS-15-9570 kernel: nintendo 0005:057E:2009.0004: delta=61 avg_delta=11
Aug 24 13:50:48 hippo-XPS-15-9570 kernel: nintendo 0005:057E:2009.0004: compensating for 4 dropped IMU reports
Aug 24 13:50:48 hippo-XPS-15-9570 kernel: nintendo 0005:057E:2009.0004: delta=61 avg_delta=11
Aug 24 13:50:48 hippo-XPS-15-9570 kernel: nintendo 0005:057E:2009.0004: compensating for 4 dropped IMU reports
Aug 24 13:50:48 hippo-XPS-15-9570 kernel: nintendo 0005:057E:2009.0004: delta=68 avg_delta=11
Aug 24 13:50:48 hippo-XPS-15-9570 kernel: nintendo 0005:057E:2009.0004: compensating for 4 dropped IMU reports
Aug 24 13:50:48 hippo-XPS-15-9570 kernel: nintendo 0005:057E:2009.0004: delta=60 avg_delta=11
Aug 24 13:51:23 hippo-XPS-15-9570 kernel: nintendo 0005:057E:2009.0004: compensating for 7 dropped IMU reports
Aug 24 13:51:23 hippo-XPS-15-9570 kernel: nintendo 0005:057E:2009.0004: delta=102 avg_delta=11
Aug 24 13:51:23 hippo-XPS-15-9570 kernel: nintendo 0005:057E:2009.0004: compensating for 4 dropped IMU reports
Aug 24 13:51:23 hippo-XPS-15-9570 kernel: nintendo 0005:057E:2009.0004: delta=63 avg_delta=11
Aug 24 13:51:23 hippo-XPS-15-9570 kernel: nintendo 0005:057E:2009.0004: compensating for 4 dropped IMU reports
Aug 24 13:51:23 hippo-XPS-15-9570 kernel: nintendo 0005:057E:2009.0004: delta=60 avg_delta=11
Aug 24 13:51:23 hippo-XPS-15-9570 kernel: nintendo 0005:057E:2009.0004: compensating for 4 dropped IMU reports
Aug 24 13:51:23 hippo-XPS-15-9570 kernel: nintendo 0005:057E:2009.0004: delta=60 avg_delta=11
Aug 24 13:51:24 hippo-XPS-15-9570 kernel: nintendo 0005:057E:2009.0004: compensating for 4 dropped IMU reports
Aug 24 13:51:24 hippo-XPS-15-9570 kernel: nintendo 0005:057E:2009.0004: delta=60 avg_delta=11
Aug 24 13:51:24 hippo-XPS-15-9570 kernel: nintendo 0005:057E:2009.0004: compensating for 4 dropped IMU reports
Aug 24 13:51:24 hippo-XPS-15-9570 kernel: nintendo 0005:057E:2009.0004: delta=60 avg_delta=11
Aug 24 13:51:24 hippo-XPS-15-9570 kernel: nintendo 0005:057E:2009.0004: compensating for 4 dropped IMU reports
Aug 24 13:51:24 hippo-XPS-15-9570 kernel: nintendo 0005:057E:2009.0004: delta=60 avg_delta=11
Aug 24 13:51:55 hippo-XPS-15-9570 kernel: nintendo 0005:057E:2009.0004: compensating for 4 dropped IMU reports
Aug 24 13:51:55 hippo-XPS-15-9570 kernel: nintendo 0005:057E:2009.0004: delta=60 avg_delta=11
Aug 24 13:51:56 hippo-XPS-15-9570 kernel: nintendo 0005:057E:2009.0004: compensating for 4 dropped IMU reports
Aug 24 13:51:56 hippo-XPS-15-9570 kernel: nintendo 0005:057E:2009.0004: delta=60 avg_delta=11
Aug 24 13:51:56 hippo-XPS-15-9570 kernel: nintendo 0005:057E:2009.0004: compensating for 4 dropped IMU reports
Aug 24 13:51:56 hippo-XPS-15-9570 kernel: nintendo 0005:057E:2009.0004: delta=63 avg_delta=11
Aug 24 13:52:03 hippo-XPS-15-9570 kernel: nintendo 0005:057E:2009.0004: compensating for 4 dropped IMU reports
Aug 24 13:52:03 hippo-XPS-15-9570 kernel: nintendo 0005:057E:2009.0004: delta=90 avg_delta=16
Aug 24 13:52:04 hippo-XPS-15-9570 kernel: nintendo 0005:057E:2009.0004: compensating for 4 dropped IMU reports
Aug 24 13:52:04 hippo-XPS-15-9570 kernel: nintendo 0005:057E:2009.0004: delta=103 avg_delta=16
Aug 24 13:52:10 hippo-XPS-15-9570 kernel: nintendo 0005:057E:2009.0004: compensating for 4 dropped IMU reports
Aug 24 13:52:10 hippo-XPS-15-9570 kernel: nintendo 0005:057E:2009.0004: delta=100 avg_delta=16
Aug 24 13:52:10 hippo-XPS-15-9570 kernel: nintendo 0005:057E:2009.0004: compensating for 4 dropped IMU reports
Aug 24 13:52:10 hippo-XPS-15-9570 kernel: nintendo 0005:057E:2009.0004: delta=102 avg_delta=16
Aug 24 13:52:11 hippo-XPS-15-9570 kernel: nintendo 0005:057E:2009.0004: compensating for 5 dropped IMU reports
Aug 24 13:52:11 hippo-XPS-15-9570 kernel: nintendo 0005:057E:2009.0004: delta=105 avg_delta=16
Aug 24 13:52:11 hippo-XPS-15-9570 kernel: nintendo 0005:057E:2009.0004: compensating for 5 dropped IMU reports
Aug 24 13:52:11 hippo-XPS-15-9570 kernel: nintendo 0005:057E:2009.0004: delta=105 avg_delta=16
Aug 24 13:52:16 hippo-XPS-15-9570 kernel: nintendo 0005:057E:2009.0004: compensating for 4 dropped IMU reports
Aug 24 13:52:16 hippo-XPS-15-9570 kernel: nintendo 0005:057E:2009.0004: delta=68 avg_delta=11
Aug 24 13:52:17 hippo-XPS-15-9570 kernel: nintendo 0005:057E:2009.0004: compensating for 4 dropped IMU reports
Aug 24 13:52:17 hippo-XPS-15-9570 kernel: nintendo 0005:057E:2009.0004: delta=64 avg_delta=11
Aug 24 13:52:17 hippo-XPS-15-9570 kernel: nintendo 0005:057E:2009.0004: compensating for 4 dropped IMU reports
Aug 24 13:52:17 hippo-XPS-15-9570 kernel: nintendo 0005:057E:2009.0004: delta=68 avg_delta=11
Aug 24 13:52:17 hippo-XPS-15-9570 kernel: nintendo 0005:057E:2009.0004: compensating for 4 dropped IMU reports
Aug 24 13:52:17 hippo-XPS-15-9570 kernel: nintendo 0005:057E:2009.0004: delta=60 avg_delta=11
Aug 24 13:52:17 hippo-XPS-15-9570 kernel: nintendo 0005:057E:2009.0004: compensating for 4 dropped IMU reports
Aug 24 13:52:17 hippo-XPS-15-9570 kernel: nintendo 0005:057E:2009.0004: delta=65 avg_delta=11
Aug 24 13:52:17 hippo-XPS-15-9570 kernel: nintendo 0005:057E:2009.0004: compensating for 4 dropped IMU reports
Aug 24 13:52:17 hippo-XPS-15-9570 kernel: nintendo 0005:057E:2009.0004: delta=61 avg_delta=11
Aug 24 13:52:18 hippo-XPS-15-9570 kernel: nintendo 0005:057E:2009.0004: compensating for 4 dropped IMU reports
Aug 24 13:52:18 hippo-XPS-15-9570 kernel: nintendo 0005:057E:2009.0004: delta=60 avg_delta=11
Aug 24 13:52:18 hippo-XPS-15-9570 kernel: nintendo 0005:057E:2009.0004: compensating for 4 dropped IMU reports
Aug 24 13:52:18 hippo-XPS-15-9570 kernel: nintendo 0005:057E:2009.0004: delta=60 avg_delta=11
Aug 24 13:52:18 hippo-XPS-15-9570 kernel: nintendo 0005:057E:2009.0004: compensating for 4 dropped IMU reports
Aug 24 13:52:18 hippo-XPS-15-9570 kernel: nintendo 0005:057E:2009.0004: delta=62 avg_delta=11
Aug 24 13:52:29 hippo-XPS-15-9570 kernel: nintendo 0005:057E:2009.0004: compensating for 4 dropped IMU reports
Aug 24 13:52:29 hippo-XPS-15-9570 kernel: nintendo 0005:057E:2009.0004: delta=67 avg_delta=11
Aug 24 13:52:30 hippo-XPS-15-9570 kernel: nintendo 0005:057E:2009.0004: compensating for 4 dropped IMU reports
Aug 24 13:52:30 hippo-XPS-15-9570 kernel: nintendo 0005:057E:2009.0004: delta=60 avg_delta=11
Aug 24 13:52:30 hippo-XPS-15-9570 kernel: nintendo 0005:057E:2009.0004: compensating for 7 dropped IMU reports
Aug 24 13:52:30 hippo-XPS-15-9570 kernel: nintendo 0005:057E:2009.0004: delta=101 avg_delta=11
Aug 24 13:52:30 hippo-XPS-15-9570 kernel: nintendo 0005:057E:2009.0004: compensating for 4 dropped IMU reports
Aug 24 13:52:30 hippo-XPS-15-9570 kernel: nintendo 0005:057E:2009.0004: delta=60 avg_delta=11
Aug 24 13:52:30 hippo-XPS-15-9570 kernel: nintendo 0005:057E:2009.0004: compensating for 7 dropped IMU reports
Aug 24 13:52:30 hippo-XPS-15-9570 kernel: nintendo 0005:057E:2009.0004: delta=103 avg_delta=11
Aug 24 13:52:30 hippo-XPS-15-9570 kernel: nintendo 0005:057E:2009.0004: compensating for 4 dropped IMU reports
Aug 24 13:52:30 hippo-XPS-15-9570 kernel: nintendo 0005:057E:2009.0004: delta=61 avg_delta=11
Aug 24 13:52:31 hippo-XPS-15-9570 kernel: nintendo 0005:057E:2009.0004: compensating for 4 dropped IMU reports
Aug 24 13:52:31 hippo-XPS-15-9570 kernel: nintendo 0005:057E:2009.0004: delta=61 avg_delta=11
Aug 24 13:52:31 hippo-XPS-15-9570 kernel: nintendo 0005:057E:2009.0004: compensating for 4 dropped IMU reports
Aug 24 13:52:31 hippo-XPS-15-9570 kernel: nintendo 0005:057E:2009.0004: delta=60 avg_delta=11
Aug 24 13:52:31 hippo-XPS-15-9570 kernel: nintendo 0005:057E:2009.0004: compensating for 4 dropped IMU reports
Aug 24 13:52:31 hippo-XPS-15-9570 kernel: nintendo 0005:057E:2009.0004: delta=60 avg_delta=11
Aug 24 13:52:32 hippo-XPS-15-9570 kernel: nintendo 0005:057E:2009.0004: compensating for 7 dropped IMU reports
Aug 24 13:52:32 hippo-XPS-15-9570 kernel: nintendo 0005:057E:2009.0004: delta=103 avg_delta=11
Aug 24 13:52:32 hippo-XPS-15-9570 kernel: nintendo 0005:057E:2009.0004: compensating for 4 dropped IMU reports
Aug 24 13:52:32 hippo-XPS-15-9570 kernel: nintendo 0005:057E:2009.0004: delta=60 avg_delta=11
Aug 24 13:52:32 hippo-XPS-15-9570 kernel: nintendo 0005:057E:2009.0004: compensating for 4 dropped IMU reports
Aug 24 13:52:32 hippo-XPS-15-9570 kernel: nintendo 0005:057E:2009.0004: delta=60 avg_delta=11
Aug 24 13:52:32 hippo-XPS-15-9570 kernel: nintendo 0005:057E:2009.0004: compensating for 4 dropped IMU reports
Aug 24 13:52:32 hippo-XPS-15-9570 kernel: nintendo 0005:057E:2009.0004: delta=63 avg_delta=11
Aug 24 13:52:32 hippo-XPS-15-9570 kernel: nintendo 0005:057E:2009.0004: compensating for 4 dropped IMU reports
Aug 24 13:52:32 hippo-XPS-15-9570 kernel: nintendo 0005:057E:2009.0004: delta=63 avg_delta=11
Aug 24 13:52:47 hippo-XPS-15-9570 kernel: nintendo 0005:057E:2009.0004: compensating for 4 dropped IMU reports
Aug 24 13:52:47 hippo-XPS-15-9570 kernel: nintendo 0005:057E:2009.0004: delta=60 avg_delta=11
Aug 24 13:52:47 hippo-XPS-15-9570 kernel: nintendo 0005:057E:2009.0004: compensating for 8 dropped IMU reports
Aug 24 13:52:47 hippo-XPS-15-9570 kernel: nintendo 0005:057E:2009.0004: delta=104 avg_delta=11
Aug 24 13:52:47 hippo-XPS-15-9570 kernel: nintendo 0005:057E:2009.0004: compensating for 4 dropped IMU reports
Aug 24 13:52:47 hippo-XPS-15-9570 kernel: nintendo 0005:057E:2009.0004: delta=61 avg_delta=11
Aug 24 13:52:47 hippo-XPS-15-9570 kernel: nintendo 0005:057E:2009.0004: compensating for 4 dropped IMU reports
Aug 24 13:52:47 hippo-XPS-15-9570 kernel: nintendo 0005:057E:2009.0004: delta=61 avg_delta=11
Aug 24 13:52:48 hippo-XPS-15-9570 kernel: nintendo 0005:057E:2009.0004: compensating for 4 dropped IMU reports
Aug 24 13:52:48 hippo-XPS-15-9570 kernel: nintendo 0005:057E:2009.0004: delta=60 avg_delta=11
Aug 24 13:52:53 hippo-XPS-15-9570 kernel: nintendo 0005:057E:2009.0004: compensating for 6 dropped IMU reports
Aug 24 13:52:53 hippo-XPS-15-9570 kernel: nintendo 0005:057E:2009.0004: delta=104 avg_delta=13
Aug 24 13:53:04 hippo-XPS-15-9570 kernel: nintendo 0005:057E:2009.0004: compensating for 4 dropped IMU reports
Aug 24 13:53:04 hippo-XPS-15-9570 kernel: nintendo 0005:057E:2009.0004: delta=61 avg_delta=11
Aug 24 13:53:04 hippo-XPS-15-9570 kernel: nintendo 0005:057E:2009.0004: compensating for 4 dropped IMU reports
Aug 24 13:53:04 hippo-XPS-15-9570 kernel: nintendo 0005:057E:2009.0004: delta=63 avg_delta=11
Aug 24 13:53:04 hippo-XPS-15-9570 kernel: nintendo 0005:057E:2009.0004: compensating for 4 dropped IMU reports
Aug 24 13:53:04 hippo-XPS-15-9570 kernel: nintendo 0005:057E:2009.0004: delta=61 avg_delta=11
Aug 24 13:53:04 hippo-XPS-15-9570 kernel: nintendo 0005:057E:2009.0004: compensating for 4 dropped IMU reports
Aug 24 13:53:04 hippo-XPS-15-9570 kernel: nintendo 0005:057E:2009.0004: delta=62 avg_delta=11
Aug 24 13:53:04 hippo-XPS-15-9570 kernel: nintendo 0005:057E:2009.0004: compensating for 4 dropped IMU reports
Aug 24 13:53:04 hippo-XPS-15-9570 kernel: nintendo 0005:057E:2009.0004: delta=63 avg_delta=11
Aug 24 13:53:05 hippo-XPS-15-9570 kernel: nintendo 0005:057E:2009.0004: compensating for 4 dropped IMU reports
Aug 24 13:53:05 hippo-XPS-15-9570 kernel: nintendo 0005:057E:2009.0004: delta=60 avg_delta=11
Aug 24 13:53:05 hippo-XPS-15-9570 kernel: nintendo 0005:057E:2009.0004: compensating for 4 dropped IMU reports
Aug 24 13:53:05 hippo-XPS-15-9570 kernel: nintendo 0005:057E:2009.0004: delta=66 avg_delta=11
Aug 24 13:53:05 hippo-XPS-15-9570 kernel: nintendo 0005:057E:2009.0004: compensating for 4 dropped IMU reports
Aug 24 13:53:05 hippo-XPS-15-9570 kernel: nintendo 0005:057E:2009.0004: delta=60 avg_delta=11
Aug 24 13:53:05 hippo-XPS-15-9570 kernel: nintendo 0005:057E:2009.0004: compensating for 10 dropped IMU reports
Aug 24 13:53:05 hippo-XPS-15-9570 kernel: nintendo 0005:057E:2009.0004: delta=130 avg_delta=11
Aug 24 13:53:05 hippo-XPS-15-9570 kernel: nintendo 0005:057E:2009.0004: compensating for 4 dropped IMU reports
Aug 24 13:53:05 hippo-XPS-15-9570 kernel: nintendo 0005:057E:2009.0004: delta=66 avg_delta=11
Aug 24 13:53:05 hippo-XPS-15-9570 kernel: nintendo 0005:057E:2009.0004: compensating for 4 dropped IMU reports
Aug 24 13:53:05 hippo-XPS-15-9570 kernel: nintendo 0005:057E:2009.0004: delta=64 avg_delta=11
Aug 24 13:53:08 hippo-XPS-15-9570 kernel: nintendo 0005:057E:2009.0004: compensating for 4 dropped IMU reports
Aug 24 13:53:08 hippo-XPS-15-9570 kernel: nintendo 0005:057E:2009.0004: delta=60 avg_delta=11
Aug 24 13:53:08 hippo-XPS-15-9570 kernel: nintendo 0005:057E:2009.0004: compensating for 4 dropped IMU reports
Aug 24 13:53:08 hippo-XPS-15-9570 kernel: nintendo 0005:057E:2009.0004: delta=60 avg_delta=11
Aug 24 13:53:08 hippo-XPS-15-9570 kernel: nintendo 0005:057E:2009.0004: compensating for 4 dropped IMU reports
Aug 24 13:53:08 hippo-XPS-15-9570 kernel: nintendo 0005:057E:2009.0004: delta=61 avg_delta=11
Aug 24 13:53:08 hippo-XPS-15-9570 kernel: nintendo 0005:057E:2009.0004: compensating for 4 dropped IMU reports
Aug 24 13:53:08 hippo-XPS-15-9570 kernel: nintendo 0005:057E:2009.0004: delta=60 avg_delta=11
Aug 24 13:53:08 hippo-XPS-15-9570 kernel: nintendo 0005:057E:2009.0004: compensating for 4 dropped IMU reports
Aug 24 13:53:08 hippo-XPS-15-9570 kernel: nintendo 0005:057E:2009.0004: delta=61 avg_delta=11
Aug 24 13:53:09 hippo-XPS-15-9570 kernel: nintendo 0005:057E:2009.0004: compensating for 4 dropped IMU reports
Aug 24 13:53:09 hippo-XPS-15-9570 kernel: nintendo 0005:057E:2009.0004: delta=65 avg_delta=11
Aug 24 13:53:09 hippo-XPS-15-9570 kernel: nintendo 0005:057E:2009.0004: compensating for 4 dropped IMU reports
Aug 24 13:53:09 hippo-XPS-15-9570 kernel: nintendo 0005:057E:2009.0004: delta=61 avg_delta=11
Aug 24 13:53:09 hippo-XPS-15-9570 kernel: nintendo 0005:057E:2009.0004: compensating for 4 dropped IMU reports
Aug 24 13:53:09 hippo-XPS-15-9570 kernel: nintendo 0005:057E:2009.0004: delta=60 avg_delta=11
Aug 24 13:53:15 hippo-XPS-15-9570 kernel: nintendo 0005:057E:2009.0004: compensating for 4 dropped IMU reports
Aug 24 13:53:15 hippo-XPS-15-9570 kernel: nintendo 0005:057E:2009.0004: delta=60 avg_delta=11
Aug 24 13:53:15 hippo-XPS-15-9570 kernel: nintendo 0005:057E:2009.0004: compensating for 4 dropped IMU reports
Aug 24 13:53:15 hippo-XPS-15-9570 kernel: nintendo 0005:057E:2009.0004: delta=63 avg_delta=11
Aug 24 13:53:15 hippo-XPS-15-9570 kernel: nintendo 0005:057E:2009.0004: compensating for 4 dropped IMU reports
Aug 24 13:53:15 hippo-XPS-15-9570 kernel: nintendo 0005:057E:2009.0004: delta=60 avg_delta=11
Aug 24 13:53:16 hippo-XPS-15-9570 kernel: nintendo 0005:057E:2009.0004: compensating for 4 dropped IMU reports
Aug 24 13:53:16 hippo-XPS-15-9570 kernel: nintendo 0005:057E:2009.0004: delta=69 avg_delta=11
Aug 24 13:53:16 hippo-XPS-15-9570 kernel: nintendo 0005:057E:2009.0004: compensating for 4 dropped IMU reports
Aug 24 13:53:16 hippo-XPS-15-9570 kernel: nintendo 0005:057E:2009.0004: delta=63 avg_delta=11
Aug 24 13:53:16 hippo-XPS-15-9570 kernel: nintendo 0005:057E:2009.0004: compensating for 4 dropped IMU reports
Aug 24 13:53:16 hippo-XPS-15-9570 kernel: nintendo 0005:057E:2009.0004: delta=61 avg_delta=11
Aug 24 13:53:30 hippo-XPS-15-9570 kernel: nintendo 0005:057E:2009.0004: compensating for 4 dropped IMU reports
Aug 24 13:53:30 hippo-XPS-15-9570 kernel: nintendo 0005:057E:2009.0004: delta=60 avg_delta=11
Aug 24 13:53:30 hippo-XPS-15-9570 kernel: nintendo 0005:057E:2009.0004: compensating for 4 dropped IMU reports
Aug 24 13:53:30 hippo-XPS-15-9570 kernel: nintendo 0005:057E:2009.0004: delta=60 avg_delta=11
Aug 24 13:53:30 hippo-XPS-15-9570 kernel: nintendo 0005:057E:2009.0004: compensating for 4 dropped IMU reports
Aug 24 13:53:30 hippo-XPS-15-9570 kernel: nintendo 0005:057E:2009.0004: delta=61 avg_delta=11
Aug 24 13:53:31 hippo-XPS-15-9570 kernel: nintendo 0005:057E:2009.0004: compensating for 4 dropped IMU reports
Aug 24 13:53:31 hippo-XPS-15-9570 kernel: nintendo 0005:057E:2009.0004: delta=60 avg_delta=11
Aug 24 13:53:31 hippo-XPS-15-9570 kernel: nintendo 0005:057E:2009.0004: compensating for 4 dropped IMU reports
Aug 24 13:53:31 hippo-XPS-15-9570 kernel: nintendo 0005:057E:2009.0004: delta=67 avg_delta=11
Aug 24 13:53:31 hippo-XPS-15-9570 kernel: nintendo 0005:057E:2009.0004: compensating for 4 dropped IMU reports
Aug 24 13:53:31 hippo-XPS-15-9570 kernel: nintendo 0005:057E:2009.0004: delta=61 avg_delta=11
Aug 24 13:53:31 hippo-XPS-15-9570 kernel: nintendo 0005:057E:2009.0004: compensating for 4 dropped IMU reports
Aug 24 13:53:31 hippo-XPS-15-9570 kernel: nintendo 0005:057E:2009.0004: delta=60 avg_delta=11
Aug 24 13:53:31 hippo-XPS-15-9570 kernel: nintendo 0005:057E:2009.0004: compensating for 4 dropped IMU reports
Aug 24 13:53:31 hippo-XPS-15-9570 kernel: nintendo 0005:057E:2009.0004: delta=60 avg_delta=11
Aug 24 13:53:31 hippo-XPS-15-9570 kernel: nintendo 0005:057E:2009.0004: compensating for 4 dropped IMU reports
Aug 24 13:53:31 hippo-XPS-15-9570 kernel: nintendo 0005:057E:2009.0004: delta=60 avg_delta=11
Aug 24 13:53:53 hippo-XPS-15-9570 kernel: nintendo 0005:057E:2009.0004: compensating for 4 dropped IMU reports
Aug 24 13:53:53 hippo-XPS-15-9570 kernel: nintendo 0005:057E:2009.0004: delta=61 avg_delta=11
Aug 24 13:53:54 hippo-XPS-15-9570 kernel: nintendo 0005:057E:2009.0004: compensating for 4 dropped IMU reports
Aug 24 13:53:54 hippo-XPS-15-9570 kernel: nintendo 0005:057E:2009.0004: delta=60 avg_delta=11
Aug 24 13:53:54 hippo-XPS-15-9570 kernel: nintendo 0005:057E:2009.0004: compensating for 4 dropped IMU reports
Aug 24 13:53:54 hippo-XPS-15-9570 kernel: nintendo 0005:057E:2009.0004: delta=60 avg_delta=11
Aug 24 13:53:54 hippo-XPS-15-9570 kernel: nintendo 0005:057E:2009.0004: compensating for 4 dropped IMU reports
Aug 24 13:53:54 hippo-XPS-15-9570 kernel: nintendo 0005:057E:2009.0004: delta=61 avg_delta=11
Aug 24 13:54:05 hippo-XPS-15-9570 kernel: nintendo 0005:057E:2009.0004: compensating for 4 dropped IMU reports
Aug 24 13:54:05 hippo-XPS-15-9570 kernel: nintendo 0005:057E:2009.0004: delta=60 avg_delta=11
Aug 24 13:54:05 hippo-XPS-15-9570 kernel: nintendo 0005:057E:2009.0004: compensating for 4 dropped IMU reports
Aug 24 13:54:05 hippo-XPS-15-9570 kernel: nintendo 0005:057E:2009.0004: delta=61 avg_delta=11
Aug 24 13:54:05 hippo-XPS-15-9570 kernel: nintendo 0005:057E:2009.0004: compensating for 6 dropped IMU reports
Aug 24 13:54:05 hippo-XPS-15-9570 kernel: nintendo 0005:057E:2009.0004: delta=91 avg_delta=11
Aug 24 13:54:05 hippo-XPS-15-9570 kernel: nintendo 0005:057E:2009.0004: compensating for 4 dropped IMU reports
Aug 24 13:54:05 hippo-XPS-15-9570 kernel: nintendo 0005:057E:2009.0004: delta=60 avg_delta=11
Aug 24 13:54:05 hippo-XPS-15-9570 kernel: nintendo 0005:057E:2009.0004: compensating for 4 dropped IMU reports
Aug 24 13:54:05 hippo-XPS-15-9570 kernel: nintendo 0005:057E:2009.0004: delta=62 avg_delta=11
Aug 24 13:54:17 hippo-XPS-15-9570 kernel: nintendo 0005:057E:2009.0004: compensating for 5 dropped IMU reports
Aug 24 13:54:17 hippo-XPS-15-9570 kernel: nintendo 0005:057E:2009.0004: delta=88 avg_delta=13
Aug 24 13:54:26 hippo-XPS-15-9570 kernel: nintendo 0005:057E:2009.0004: compensating for 4 dropped IMU reports
Aug 24 13:54:26 hippo-XPS-15-9570 kernel: nintendo 0005:057E:2009.0004: delta=60 avg_delta=11
Aug 24 13:54:26 hippo-XPS-15-9570 kernel: nintendo 0005:057E:2009.0004: compensating for 4 dropped IMU reports
Aug 24 13:54:26 hippo-XPS-15-9570 kernel: nintendo 0005:057E:2009.0004: delta=61 avg_delta=11
Aug 24 13:54:26 hippo-XPS-15-9570 kernel: nintendo 0005:057E:2009.0004: compensating for 6 dropped IMU reports
Aug 24 13:54:26 hippo-XPS-15-9570 kernel: nintendo 0005:057E:2009.0004: delta=84 avg_delta=11
Aug 24 13:54:27 hippo-XPS-15-9570 kernel: nintendo 0005:057E:2009.0004: compensating for 4 dropped IMU reports
Aug 24 13:54:27 hippo-XPS-15-9570 kernel: nintendo 0005:057E:2009.0004: delta=62 avg_delta=11
Aug 24 13:54:27 hippo-XPS-15-9570 kernel: nintendo 0005:057E:2009.0004: compensating for 4 dropped IMU reports
Aug 24 13:54:27 hippo-XPS-15-9570 kernel: nintendo 0005:057E:2009.0004: delta=60 avg_delta=11
Aug 24 13:54:27 hippo-XPS-15-9570 kernel: nintendo 0005:057E:2009.0004: compensating for 4 dropped IMU reports
Aug 24 13:54:27 hippo-XPS-15-9570 kernel: nintendo 0005:057E:2009.0004: delta=61 avg_delta=11
Aug 24 13:54:32 hippo-XPS-15-9570 kernel: nintendo 0005:057E:2009.0004: compensating for 4 dropped IMU reports
Aug 24 13:54:32 hippo-XPS-15-9570 kernel: nintendo 0005:057E:2009.0004: delta=60 avg_delta=11
Aug 24 13:54:32 hippo-XPS-15-9570 kernel: nintendo 0005:057E:2009.0004: compensating for 4 dropped IMU reports
Aug 24 13:54:32 hippo-XPS-15-9570 kernel: nintendo 0005:057E:2009.0004: delta=60 avg_delta=11
Aug 24 13:54:33 hippo-XPS-15-9570 kernel: nintendo 0005:057E:2009.0004: compensating for 4 dropped IMU reports
Aug 24 13:54:33 hippo-XPS-15-9570 kernel: nintendo 0005:057E:2009.0004: delta=60 avg_delta=11
Aug 24 13:54:33 hippo-XPS-15-9570 kernel: nintendo 0005:057E:2009.0004: compensating for 4 dropped IMU reports
Aug 24 13:54:33 hippo-XPS-15-9570 kernel: nintendo 0005:057E:2009.0004: delta=60 avg_delta=11
Aug 24 13:54:33 hippo-XPS-15-9570 kernel: nintendo 0005:057E:2009.0004: compensating for 4 dropped IMU reports
Aug 24 13:54:33 hippo-XPS-15-9570 kernel: nintendo 0005:057E:2009.0004: delta=60 avg_delta=11
Aug 24 13:54:33 hippo-XPS-15-9570 kernel: nintendo 0005:057E:2009.0004: compensating for 4 dropped IMU reports
Aug 24 13:54:33 hippo-XPS-15-9570 kernel: nintendo 0005:057E:2009.0004: delta=60 avg_delta=11
Aug 24 13:54:52 hippo-XPS-15-9570 kernel: nintendo 0005:057E:2009.0004: compensating for 4 dropped IMU reports
Aug 24 13:54:52 hippo-XPS-15-9570 kernel: nintendo 0005:057E:2009.0004: delta=61 avg_delta=11
Aug 24 13:54:52 hippo-XPS-15-9570 kernel: nintendo 0005:057E:2009.0004: compensating for 4 dropped IMU reports
Aug 24 13:54:52 hippo-XPS-15-9570 kernel: nintendo 0005:057E:2009.0004: delta=60 avg_delta=11
Aug 24 13:54:52 hippo-XPS-15-9570 kernel: nintendo 0005:057E:2009.0004: compensating for 4 dropped IMU reports
Aug 24 13:54:52 hippo-XPS-15-9570 kernel: nintendo 0005:057E:2009.0004: delta=62 avg_delta=11
Aug 24 13:54:52 hippo-XPS-15-9570 kernel: nintendo 0005:057E:2009.0004: compensating for 4 dropped IMU reports
Aug 24 13:54:52 hippo-XPS-15-9570 kernel: nintendo 0005:057E:2009.0004: delta=60 avg_delta=11
Aug 24 13:54:53 hippo-XPS-15-9570 kernel: nintendo 0005:057E:2009.0004: compensating for 4 dropped IMU reports
Aug 24 13:54:53 hippo-XPS-15-9570 kernel: nintendo 0005:057E:2009.0004: delta=62 avg_delta=11
Aug 24 13:54:53 hippo-XPS-15-9570 kernel: nintendo 0005:057E:2009.0004: compensating for 4 dropped IMU reports
Aug 24 13:54:53 hippo-XPS-15-9570 kernel: nintendo 0005:057E:2009.0004: delta=60 avg_delta=11
Aug 24 13:54:53 hippo-XPS-15-9570 kernel: nintendo 0005:057E:2009.0004: compensating for 4 dropped IMU reports
Aug 24 13:54:53 hippo-XPS-15-9570 kernel: nintendo 0005:057E:2009.0004: delta=60 avg_delta=11
Aug 24 13:54:53 hippo-XPS-15-9570 kernel: nintendo 0005:057E:2009.0004: compensating for 4 dropped IMU reports
Aug 24 13:54:53 hippo-XPS-15-9570 kernel: nintendo 0005:057E:2009.0004: delta=65 avg_delta=11
Aug 24 13:54:53 hippo-XPS-15-9570 kernel: nintendo 0005:057E:2009.0004: compensating for 4 dropped IMU reports
Aug 24 13:54:53 hippo-XPS-15-9570 kernel: nintendo 0005:057E:2009.0004: delta=60 avg_delta=11
Aug 24 13:55:05 hippo-XPS-15-9570 kernel: nintendo 0005:057E:2009.0004: compensating for 4 dropped IMU reports
Aug 24 13:55:05 hippo-XPS-15-9570 kernel: nintendo 0005:057E:2009.0004: delta=61 avg_delta=11
Aug 24 13:55:05 hippo-XPS-15-9570 kernel: nintendo 0005:057E:2009.0004: compensating for 4 dropped IMU reports
Aug 24 13:55:05 hippo-XPS-15-9570 kernel: nintendo 0005:057E:2009.0004: delta=64 avg_delta=11
Aug 24 13:55:05 hippo-XPS-15-9570 kernel: nintendo 0005:057E:2009.0004: compensating for 4 dropped IMU reports
Aug 24 13:55:05 hippo-XPS-15-9570 kernel: nintendo 0005:057E:2009.0004: delta=60 avg_delta=11
Aug 24 13:55:05 hippo-XPS-15-9570 kernel: nintendo 0005:057E:2009.0004: compensating for 4 dropped IMU reports
Aug 24 13:55:05 hippo-XPS-15-9570 kernel: nintendo 0005:057E:2009.0004: delta=69 avg_delta=11
Aug 24 13:55:06 hippo-XPS-15-9570 kernel: nintendo 0005:057E:2009.0004: compensating for 4 dropped IMU reports
Aug 24 13:55:06 hippo-XPS-15-9570 kernel: nintendo 0005:057E:2009.0004: delta=67 avg_delta=11
Aug 24 13:55:06 hippo-XPS-15-9570 kernel: nintendo 0005:057E:2009.0004: compensating for 4 dropped IMU reports
Aug 24 13:55:06 hippo-XPS-15-9570 kernel: nintendo 0005:057E:2009.0004: delta=61 avg_delta=11
Aug 24 13:55:06 hippo-XPS-15-9570 kernel: nintendo 0005:057E:2009.0004: compensating for 4 dropped IMU reports
Aug 24 13:55:06 hippo-XPS-15-9570 kernel: nintendo 0005:057E:2009.0004: delta=62 avg_delta=11
Aug 24 13:55:13 hippo-XPS-15-9570 kernel: nintendo 0005:057E:2009.0004: compensating for 4 dropped IMU reports
Aug 24 13:55:13 hippo-XPS-15-9570 kernel: nintendo 0005:057E:2009.0004: delta=103 avg_delta=17
Aug 24 13:55:52 hippo-XPS-15-9570 kernel: nintendo 0005:057E:2009.0004: compensating for 4 dropped IMU reports
Aug 24 13:55:52 hippo-XPS-15-9570 kernel: nintendo 0005:057E:2009.0004: delta=61 avg_delta=11
Aug 24 13:55:52 hippo-XPS-15-9570 kernel: nintendo 0005:057E:2009.0004: compensating for 4 dropped IMU reports
Aug 24 13:55:52 hippo-XPS-15-9570 kernel: nintendo 0005:057E:2009.0004: delta=60 avg_delta=11
Aug 24 13:55:52 hippo-XPS-15-9570 kernel: nintendo 0005:057E:2009.0004: compensating for 7 dropped IMU reports
Aug 24 13:55:52 hippo-XPS-15-9570 kernel: nintendo 0005:057E:2009.0004: delta=103 avg_delta=11
Aug 24 13:55:53 hippo-XPS-15-9570 kernel: nintendo 0005:057E:2009.0004: compensating for 4 dropped IMU reports
Aug 24 13:55:53 hippo-XPS-15-9570 kernel: nintendo 0005:057E:2009.0004: delta=61 avg_delta=11
Aug 24 13:55:53 hippo-XPS-15-9570 kernel: nintendo 0005:057E:2009.0004: compensating for 4 dropped IMU reports
Aug 24 13:55:53 hippo-XPS-15-9570 kernel: nintendo 0005:057E:2009.0004: delta=60 avg_delta=11
Aug 24 13:55:53 hippo-XPS-15-9570 kernel: nintendo 0005:057E:2009.0004: compensating for 4 dropped IMU reports
Aug 24 13:55:53 hippo-XPS-15-9570 kernel: nintendo 0005:057E:2009.0004: delta=68 avg_delta=11
Aug 24 13:55:53 hippo-XPS-15-9570 kernel: nintendo 0005:057E:2009.0004: compensating for 4 dropped IMU reports
Aug 24 13:55:53 hippo-XPS-15-9570 kernel: nintendo 0005:057E:2009.0004: delta=63 avg_delta=11
Aug 24 13:55:54 hippo-XPS-15-9570 kernel: nintendo 0005:057E:2009.0004: compensating for 4 dropped IMU reports
Aug 24 13:55:54 hippo-XPS-15-9570 kernel: nintendo 0005:057E:2009.0004: delta=63 avg_delta=11
Aug 24 13:55:54 hippo-XPS-15-9570 kernel: nintendo 0005:057E:2009.0004: compensating for 4 dropped IMU reports
Aug 24 13:55:54 hippo-XPS-15-9570 kernel: nintendo 0005:057E:2009.0004: delta=61 avg_delta=11
Aug 24 13:55:54 hippo-XPS-15-9570 kernel: nintendo 0005:057E:2009.0004: compensating for 4 dropped IMU reports
Aug 24 13:55:54 hippo-XPS-15-9570 kernel: nintendo 0005:057E:2009.0004: delta=62 avg_delta=11
Aug 24 13:55:54 hippo-XPS-15-9570 kernel: nintendo 0005:057E:2009.0004: compensating for 4 dropped IMU reports
Aug 24 13:55:54 hippo-XPS-15-9570 kernel: nintendo 0005:057E:2009.0004: delta=60 avg_delta=11
Aug 24 13:55:56 hippo-XPS-15-9570 kernel: nintendo 0005:057E:2009.0004: compensating for 7 dropped IMU reports
Aug 24 13:55:56 hippo-XPS-15-9570 kernel: nintendo 0005:057E:2009.0004: delta=101 avg_delta=11
Aug 24 13:55:56 hippo-XPS-15-9570 kernel: nintendo 0005:057E:2009.0004: compensating for 4 dropped IMU reports
Aug 24 13:55:56 hippo-XPS-15-9570 kernel: nintendo 0005:057E:2009.0004: delta=61 avg_delta=11
Aug 24 13:55:56 hippo-XPS-15-9570 kernel: nintendo 0005:057E:2009.0004: compensating for 4 dropped IMU reports
Aug 24 13:55:56 hippo-XPS-15-9570 kernel: nintendo 0005:057E:2009.0004: delta=60 avg_delta=11
Aug 24 13:55:56 hippo-XPS-15-9570 kernel: nintendo 0005:057E:2009.0004: compensating for 4 dropped IMU reports
Aug 24 13:55:56 hippo-XPS-15-9570 kernel: nintendo 0005:057E:2009.0004: delta=60 avg_delta=11
Aug 24 13:55:56 hippo-XPS-15-9570 kernel: nintendo 0005:057E:2009.0004: compensating for 4 dropped IMU reports
Aug 24 13:55:56 hippo-XPS-15-9570 kernel: nintendo 0005:057E:2009.0004: delta=61 avg_delta=11
Aug 24 13:55:57 hippo-XPS-15-9570 kernel: nintendo 0005:057E:2009.0004: compensating for 4 dropped IMU reports
Aug 24 13:55:57 hippo-XPS-15-9570 kernel: nintendo 0005:057E:2009.0004: delta=62 avg_delta=11
Aug 24 13:55:57 hippo-XPS-15-9570 kernel: nintendo 0005:057E:2009.0004: compensating for 4 dropped IMU reports
Aug 24 13:55:57 hippo-XPS-15-9570 kernel: nintendo 0005:057E:2009.0004: delta=60 avg_delta=11
Aug 24 13:56:17 hippo-XPS-15-9570 kernel: nintendo 0005:057E:2009.0004: compensating for 4 dropped IMU reports
Aug 24 13:56:17 hippo-XPS-15-9570 kernel: nintendo 0005:057E:2009.0004: delta=65 avg_delta=11
